// Jest Snapshot v1, https://goo.gl/fbAQLP

exports[`<Mission /> renders properly as expected 1`] = `
<li
  className="Mission"
  id="87GHTR6"
>
  SpaceX
</li>
`;
